edges
| pyenv_cfg.py:19:9:19:12 | ControlFlowNode for text | pyenv_cfg.py:20:30:20:33 | ControlFlowNode for text | provenance |  |
| pyenv_cfg.py:19:16:19:83 | ControlFlowNode for Attribute() | pyenv_cfg.py:19:9:19:12 | ControlFlowNode for text | provenance |  |
| pyenv_cfg.py:19:24:19:43 | ControlFlowNode for Fstring | pyenv_cfg.py:19:24:19:43 | ControlFlowNode for Yield [List element] | provenance |  |
| pyenv_cfg.py:19:24:19:43 | ControlFlowNode for Fstring | pyenv_cfg.py:19:24:19:43 | ControlFlowNode for Yield [List element] | provenance |  |
| pyenv_cfg.py:19:24:19:82 | ControlFlowNode for .0 | pyenv_cfg.py:19:49:19:51 | ControlFlowNode for key | provenance |  |
| pyenv_cfg.py:19:24:19:82 | ControlFlowNode for .0 | pyenv_cfg.py:19:49:19:58 | ControlFlowNode for Tuple | provenance |  |
| pyenv_cfg.py:19:24:19:82 | ControlFlowNode for .0 | pyenv_cfg.py:19:49:19:58 | IterableElement | provenance |  |
| pyenv_cfg.py:19:24:19:82 | ControlFlowNode for .0 | pyenv_cfg.py:19:54:19:58 | ControlFlowNode for value | provenance |  |
| pyenv_cfg.py:19:24:19:82 | ControlFlowNode for .0 [List element, Tuple element at index 1] | pyenv_cfg.py:19:49:19:58 | ControlFlowNode for Tuple [Tuple element at index 1] | provenance |  |
| pyenv_cfg.py:19:24:19:82 | ControlFlowNode for .0 [List element, Tuple element at index 1] | pyenv_cfg.py:19:49:19:58 | IterableSequence [Tuple element at index 1] | provenance |  |
| pyenv_cfg.py:19:24:19:82 | ControlFlowNode for GeneratorExp [List element] | pyenv_cfg.py:19:16:19:83 | ControlFlowNode for Attribute() | provenance | str.join |
| pyenv_cfg.py:19:49:19:51 | ControlFlowNode for key | pyenv_cfg.py:19:24:19:43 | ControlFlowNode for Fstring | provenance |  |
| pyenv_cfg.py:19:49:19:58 | ControlFlowNode for Tuple | pyenv_cfg.py:19:49:19:51 | ControlFlowNode for key | provenance |  |
| pyenv_cfg.py:19:49:19:58 | ControlFlowNode for Tuple | pyenv_cfg.py:19:54:19:58 | ControlFlowNode for value | provenance |  |
| pyenv_cfg.py:19:49:19:58 | ControlFlowNode for Tuple [Tuple element at index 0] | pyenv_cfg.py:19:49:19:51 | ControlFlowNode for key | provenance |  |
| pyenv_cfg.py:19:49:19:58 | ControlFlowNode for Tuple [Tuple element at index 1] | pyenv_cfg.py:19:54:19:58 | ControlFlowNode for value | provenance |  |
| pyenv_cfg.py:19:49:19:58 | ControlFlowNode for Tuple [Tuple element at index 1] | pyenv_cfg.py:19:54:19:58 | ControlFlowNode for value | provenance |  |
| pyenv_cfg.py:19:49:19:58 | IterableElement | pyenv_cfg.py:19:49:19:58 | ControlFlowNode for Tuple [Tuple element at index 0] | provenance |  |
| pyenv_cfg.py:19:49:19:58 | IterableElement | pyenv_cfg.py:19:49:19:58 | ControlFlowNode for Tuple [Tuple element at index 1] | provenance |  |
| pyenv_cfg.py:19:49:19:58 | IterableSequence [Tuple element at index 1] | pyenv_cfg.py:19:49:19:58 | ControlFlowNode for Tuple [Tuple element at index 1] | provenance |  |
| pyenv_cfg.py:19:54:19:58 | ControlFlowNode for value | pyenv_cfg.py:19:24:19:43 | ControlFlowNode for Fstring | provenance |  |
| pyenv_cfg.py:19:54:19:58 | ControlFlowNode for value | pyenv_cfg.py:19:24:19:43 | ControlFlowNode for Fstring | provenance |  |
| pyenv_cfg.py:19:63:19:74 | ControlFlowNode for Attribute | pyenv_cfg.py:19:63:19:82 | ControlFlowNode for Attribute() | provenance | dict.items |
| pyenv_cfg.py:19:63:19:74 | ControlFlowNode for Attribute | pyenv_cfg.py:19:63:19:82 | ControlFlowNode for Attribute() [List element, Tuple element at index 1] | provenance | dict.items |
| pyenv_cfg.py:19:63:19:82 | ControlFlowNode for Attribute() | pyenv_cfg.py:19:24:19:82 | ControlFlowNode for .0 | provenance |  |
| pyenv_cfg.py:19:63:19:82 | ControlFlowNode for Attribute() | pyenv_cfg.py:19:24:19:82 | ControlFlowNode for GeneratorExp [List element] | provenance |  |
| pyenv_cfg.py:19:63:19:82 | ControlFlowNode for Attribute() [List element, Tuple element at index 1] | pyenv_cfg.py:19:24:19:82 | ControlFlowNode for .0 [List element, Tuple element at index 1] | provenance |  |
| pyenv_cfg.py:19:63:19:82 | ControlFlowNode for Attribute() [List element, Tuple element at index 1] | pyenv_cfg.py:19:24:19:82 | ControlFlowNode for GeneratorExp [List element] | provenance |  |
nodes
| pyenv_cfg.py:19:9:19:12 | ControlFlowNode for text | semmle.label | ControlFlowNode for text |
| pyenv_cfg.py:19:16:19:83 | ControlFlowNode for Attribute() | semmle.label | ControlFlowNode for Attribute() |
| pyenv_cfg.py:19:24:19:43 | ControlFlowNode for Fstring | semmle.label | ControlFlowNode for Fstring |
| pyenv_cfg.py:19:24:19:43 | ControlFlowNode for Fstring | semmle.label | ControlFlowNode for Fstring |
| pyenv_cfg.py:19:24:19:43 | ControlFlowNode for Yield [List element] | semmle.label | ControlFlowNode for Yield [List element] |
| pyenv_cfg.py:19:24:19:43 | ControlFlowNode for Yield [List element] | semmle.label | ControlFlowNode for Yield [List element] |
| pyenv_cfg.py:19:24:19:82 | ControlFlowNode for .0 | semmle.label | ControlFlowNode for .0 |
| pyenv_cfg.py:19:24:19:82 | ControlFlowNode for .0 [List element, Tuple element at index 1] | semmle.label | ControlFlowNode for .0 [List element, Tuple element at index 1] |
| pyenv_cfg.py:19:24:19:82 | ControlFlowNode for GeneratorExp [List element] | semmle.label | ControlFlowNode for GeneratorExp [List element] |
| pyenv_cfg.py:19:49:19:51 | ControlFlowNode for key | semmle.label | ControlFlowNode for key |
| pyenv_cfg.py:19:49:19:58 | ControlFlowNode for Tuple | semmle.label | ControlFlowNode for Tuple |
| pyenv_cfg.py:19:49:19:58 | ControlFlowNode for Tuple [Tuple element at index 0] | semmle.label | ControlFlowNode for Tuple [Tuple element at index 0] |
| pyenv_cfg.py:19:49:19:58 | ControlFlowNode for Tuple [Tuple element at index 1] | semmle.label | ControlFlowNode for Tuple [Tuple element at index 1] |
| pyenv_cfg.py:19:49:19:58 | ControlFlowNode for Tuple [Tuple element at index 1] | semmle.label | ControlFlowNode for Tuple [Tuple element at index 1] |
| pyenv_cfg.py:19:49:19:58 | IterableElement | semmle.label | IterableElement |
| pyenv_cfg.py:19:49:19:58 | IterableSequence [Tuple element at index 1] | semmle.label | IterableSequence [Tuple element at index 1] |
| pyenv_cfg.py:19:54:19:58 | ControlFlowNode for value | semmle.label | ControlFlowNode for value |
| pyenv_cfg.py:19:54:19:58 | ControlFlowNode for value | semmle.label | ControlFlowNode for value |
| pyenv_cfg.py:19:63:19:74 | ControlFlowNode for Attribute | semmle.label | ControlFlowNode for Attribute |
| pyenv_cfg.py:19:63:19:82 | ControlFlowNode for Attribute() | semmle.label | ControlFlowNode for Attribute() |
| pyenv_cfg.py:19:63:19:82 | ControlFlowNode for Attribute() [List element, Tuple element at index 1] | semmle.label | ControlFlowNode for Attribute() [List element, Tuple element at index 1] |
| pyenv_cfg.py:20:30:20:33 | ControlFlowNode for text | semmle.label | ControlFlowNode for text |
subpaths
| pyenv_cfg.py:19:63:19:82 | ControlFlowNode for Attribute() | pyenv_cfg.py:19:24:19:82 | ControlFlowNode for .0 | pyenv_cfg.py:19:24:19:43 | ControlFlowNode for Yield [List element] | pyenv_cfg.py:19:24:19:82 | ControlFlowNode for GeneratorExp [List element] |
| pyenv_cfg.py:19:63:19:82 | ControlFlowNode for Attribute() [List element, Tuple element at index 1] | pyenv_cfg.py:19:24:19:82 | ControlFlowNode for .0 [List element, Tuple element at index 1] | pyenv_cfg.py:19:24:19:43 | ControlFlowNode for Yield [List element] | pyenv_cfg.py:19:24:19:82 | ControlFlowNode for GeneratorExp [List element] |
#select
| pyenv_cfg.py:20:30:20:33 | ControlFlowNode for text | pyenv_cfg.py:19:63:19:74 | ControlFlowNode for Attribute | pyenv_cfg.py:20:30:20:33 | ControlFlowNode for text | $@ reaches pyvenv.cfg without collapsing line boundaries. | pyenv_cfg.py:19:63:19:74 | ControlFlowNode for Attribute | This configuration value |
